=== Chain started Tue Aug 18 16:03:42 IST 2026 ===
  16:03 waiting for the integrated fetch ...
  16:08 waiting for the integrated fetch ...
  16:13 waiting for the integrated fetch ...
  16:18 waiting for the integrated fetch ...
  16:23 waiting for the integrated fetch ...
  16:28 waiting for the integrated fetch ...
  16:33 waiting for the integrated fetch ...
  16:38 waiting for the integrated fetch ...
  16:43 waiting for the integrated fetch ...
  16:48 waiting for the integrated fetch ...
  16:53 waiting for the integrated fetch ...
  16:58 waiting for the integrated fetch ...
  17:03 waiting for the integrated fetch ...
  17:08 waiting for the integrated fetch ...
  17:13 waiting for the integrated fetch ...
  17:18 waiting for the integrated fetch ...
  17:23 waiting for the integrated fetch ...
  integrated fetch is not running; continuing

=== Stage 2: backwards extension ===
=== Backwards extension started Tue Aug 18 17:28:43 IST 2026 ===

--- legacy index 2022-07-01 .. 2022-09-30 ---
Failed to create PreventUserIdleSystemSleep assertion
