=== Chain started Sat Aug 22 21:54:13 IST 2026 ===
  log:  data/event_research/chain_20260822_215413.log
  base: 7774 filings in the corpus
  21:54 waiting for the integrated fetch ...
  21:59 waiting for the integrated fetch ...
  22:04 waiting for the integrated fetch ...
  22:09 waiting for the integrated fetch ...
  22:14 waiting for the integrated fetch ...
  22:19 waiting for the integrated fetch ...
  22:24 waiting for the integrated fetch ...
  22:29 waiting for the integrated fetch ...
  22:34 waiting for the integrated fetch ...
  22:39 waiting for the integrated fetch ...
  22:44 waiting for the integrated fetch ...
  22:49 waiting for the integrated fetch ...
  22:54 waiting for the integrated fetch ...
  22:59 waiting for the integrated fetch ...
  23:04 waiting for the integrated fetch ...
  23:09 waiting for the integrated fetch ...
  23:14 waiting for the integrated fetch ...
  23:19 waiting for the integrated fetch ...
  23:24 waiting for the integrated fetch ...
  23:29 waiting for the integrated fetch ...
  23:34 waiting for the integrated fetch ...
  23:39 waiting for the integrated fetch ...
  23:44 waiting for the integrated fetch ...
  23:49 waiting for the integrated fetch ...
  23:54 waiting for the integrated fetch ...
  23:59 waiting for the integrated fetch ...
  00:04 waiting for the integrated fetch ...
  00:09 waiting for the integrated fetch ...
  00:14 waiting for the integrated fetch ...
  00:19 waiting for the integrated fetch ...
  00:24 waiting for the integrated fetch ...
  00:29 waiting for the integrated fetch ...
  00:34 waiting for the integrated fetch ...
  00:39 waiting for the integrated fetch ...
  00:44 waiting for the integrated fetch ...
  00:49 waiting for the integrated fetch ...
  00:54 waiting for the integrated fetch ...
  00:59 waiting for the integrated fetch ...
  01:04 waiting for the integrated fetch ...
  01:09 waiting for the integrated fetch ...
  integrated fetch is not running; continuing

=== Stage 1: integrated fetch (waited out) ===
   corpus: 7774 -> 14622 filings (+6848)

=== Stage 2: backwards extension ===
=== Backwards extension started Sun Aug 23 01:14:16 IST 2026 ===

--- legacy index 2022-07-01 .. 2022-09-30 ---
Cohort liquid-2023-06-30, liquid-2023-09-30, liquid-2023-12-31, liquid-2024-03-31, liquid-2024-06-30, liquid-2024-09-30, liquid-2024-12-31, liquid-2025-03-31, liquid-2025-06-30, liquid-2025-09-30, liquid-2025-12-31, liquid-2026-03-31, liquid-2026-06-30: 597 issuers (3900 snapshot rows)
Fetching NSE result index 2022-07-01 .. 2022-09-30 ...
  2566 filings in window; 690 belong to the cohort

Parse status across cohort filings:
  VALID: 673
  UNRESOLVED_CONTEXT: 12
  DOCUMENT_ABSENT: 5

Imported 685 new events; 0 already present; 5 failed

--- legacy index 2022-10-01 .. 2022-12-31 ---
Cohort liquid-2023-06-30, liquid-2023-09-30, liquid-2023-12-31, liquid-2024-03-31, liquid-2024-06-30, liquid-2024-09-30, liquid-2024-12-31, liquid-2025-03-31, liquid-2025-06-30, liquid-2025-09-30, liquid-2025-12-31, liquid-2026-03-31, liquid-2026-06-30: 597 issuers (3900 snapshot rows)
Fetching NSE result index 2022-10-01 .. 2022-12-31 ...
  3105 filings in window; 905 belong to the cohort
