=== Fetch started Tue Aug 18 12:12:47 IST 2026 ===

--- legacy index 2023-06-01 .. 2023-09-30 ---
Cohort liquid-2023-06-30, liquid-2023-09-30, liquid-2023-12-31, liquid-2024-03-31, liquid-2024-06-30, liquid-2024-09-30, liquid-2024-12-31, liquid-2025-03-31, liquid-2025-06-30, liquid-2025-09-30, liquid-2025-12-31, liquid-2026-03-31, liquid-2026-06-30: 597 issuers (3900 snapshot rows)
Fetching NSE result index 2023-06-01 .. 2023-09-30 ...
  3403 filings in window; 959 belong to the cohort
  resuming: 959 already ingested, 0 to fetch

Parse status across cohort filings:

Imported 0 new events; 0 already present; 0 failed

--- legacy index 2023-10-01 .. 2023-12-31 ---
Cohort liquid-2023-06-30, liquid-2023-09-30, liquid-2023-12-31, liquid-2024-03-31, liquid-2024-06-30, liquid-2024-09-30, liquid-2024-12-31, liquid-2025-03-31, liquid-2025-06-30, liquid-2025-09-30, liquid-2025-12-31, liquid-2026-03-31, liquid-2026-06-30: 597 issuers (3900 snapshot rows)
Fetching NSE result index 2023-10-01 .. 2023-12-31 ...
  3407 filings in window; 983 belong to the cohort
  resuming: 844 already ingested, 139 to fetch

Parse status across cohort filings:
  VALID: 139

Imported 138 new events; 1 already present; 0 failed

--- legacy index 2024-01-01 .. 2024-03-31 ---
Cohort liquid-2023-06-30, liquid-2023-09-30, liquid-2023-12-31, liquid-2024-03-31, liquid-2024-06-30, liquid-2024-09-30, liquid-2024-12-31, liquid-2025-03-31, liquid-2025-06-30, liquid-2025-09-30, liquid-2025-12-31, liquid-2026-03-31, liquid-2026-06-30: 597 issuers (3900 snapshot rows)
Fetching NSE result index 2024-01-01 .. 2024-03-31 ...
  3482 filings in window; 994 belong to the cohort
  resuming: 34 already ingested, 960 to fetch

Parse status across cohort filings:
  VALID: 960

Imported 960 new events; 0 already present; 0 failed

--- legacy index 2024-04-01 .. 2024-06-30 ---
Cohort liquid-2023-06-30, liquid-2023-09-30, liquid-2023-12-31, liquid-2024-03-31, liquid-2024-06-30, liquid-2024-09-30, liquid-2024-12-31, liquid-2025-03-31, liquid-2025-06-30, liquid-2025-09-30, liquid-2025-12-31, liquid-2026-03-31, liquid-2026-06-30: 597 issuers (3900 snapshot rows)
Fetching NSE result index 2024-04-01 .. 2024-06-30 ...
  3459 filings in window; 997 belong to the cohort
  resuming: 34 already ingested, 963 to fetch

Parse status across cohort filings:
  VALID: 962
  DOCUMENT_ABSENT: 1

Imported 962 new events; 0 already present; 1 failed

--- legacy index 2024-07-01 .. 2024-09-30 ---
Cohort liquid-2023-06-30, liquid-2023-09-30, liquid-2023-12-31, liquid-2024-03-31, liquid-2024-06-30, liquid-2024-09-30, liquid-2024-12-31, liquid-2025-03-31, liquid-2025-06-30, liquid-2025-09-30, liquid-2025-12-31, liquid-2026-03-31, liquid-2026-06-30: 597 issuers (3900 snapshot rows)
Fetching NSE result index 2024-07-01 .. 2024-09-30 ...
  3650 filings in window; 1024 belong to the cohort
  resuming: 34 already ingested, 990 to fetch

Parse status across cohort filings:
  VALID: 989
  DOCUMENT_ABSENT: 1

Imported 989 new events; 0 already present; 1 failed

--- legacy index 2024-10-01 .. 2024-12-31 ---
Cohort liquid-2023-06-30, liquid-2023-09-30, liquid-2023-12-31, liquid-2024-03-31, liquid-2024-06-30, liquid-2024-09-30, liquid-2024-12-31, liquid-2025-03-31, liquid-2025-06-30, liquid-2025-09-30, liquid-2025-12-31, liquid-2026-03-31, liquid-2026-06-30: 597 issuers (3900 snapshot rows)
Fetching NSE result index 2024-10-01 .. 2024-12-31 ...
  3738 filings in window; 1041 belong to the cohort
  resuming: 34 already ingested, 1007 to fetch

Parse status across cohort filings:
  VALID: 1007

Imported 1007 new events; 0 already present; 0 failed

--- legacy index 2025-01-01 .. 2025-03-31 ---
Cohort liquid-2023-06-30, liquid-2023-09-30, liquid-2023-12-31, liquid-2024-03-31, liquid-2024-06-30, liquid-2024-09-30, liquid-2024-12-31, liquid-2025-03-31, liquid-2025-06-30, liquid-2025-09-30, liquid-2025-12-31, liquid-2026-03-31, liquid-2026-06-30: 597 issuers (3900 snapshot rows)
Fetching NSE result index 2025-01-01 .. 2025-03-31 ...
  3865 filings in window; 1101 belong to the cohort
  resuming: 34 already ingested, 1067 to fetch

Parse status across cohort filings:
  VALID: 1067

Imported 1067 new events; 0 already present; 0 failed

--- integrated filings 2025-01-01 .. 2026-08-14 ---
Cohort liquid-2023-06-30, liquid-2023-09-30, liquid-2023-12-31, liquid-2024-03-31, liquid-2024-06-30, liquid-2024-09-30, liquid-2024-12-31, liquid-2025-03-31, liquid-2025-06-30, liquid-2025-09-30, liquid-2025-12-31, liquid-2026-03-31, liquid-2026-06-30: 597 issuers (3900 snapshot rows)
Fetching integrated filing index 2025-01-01 .. 2026-08-14 (per symbol) ...
  HDFC           0 filings,   0 financial results,   0 governance (skipped)
  RELIANCE      19 filings,  12 financial results,   7 governance (skipped)
  MGL           22 filings,  14 financial results,   8 governance (skipped)
  SIEMENS       19 filings,  12 financial results,   7 governance (skipped)
  ASTRAL        21 filings,  13 financial results,   8 governance (skipped)
  INFY          19 filings,  12 financial results,   7 governance (skipped)
  DALBHARAT     20 filings,  12 financial results,   8 governance (skipped)
  AFFLE         21 filings,  12 financial results,   9 governance (skipped)
  ZYDUSLIFE     21 filings,  12 financial results,   9 governance (skipped)
  TEJASNET      22 filings,  12 financial results,  10 governance (skipped)
  LTTS          25 filings,  18 financial results,   7 governance (skipped)
  ACC           19 filings,  12 financial results,   7 governance (skipped)
  DABUR         21 filings,  13 financial results,   8 governance (skipped)
  LT            24 filings,  16 financial results,   8 governance (skipped)
  SBICARD       13 filings,   6 financial results,   7 governance (skipped)
  JSWSTEEL      23 filings,  12 financial results,  11 governance (skipped)
  HSCL          22 filings,  14 financial results,   8 governance (skipped)
  RECLTD        26 filings,  16 financial results,  10 governance (skipped)
  ASIANPAINT    24 filings,  16 financial results,   8 governance (skipped)
  IEX           23 filings,  14 financial results,   9 governance (skipped)
  GSFC          21 filings,  14 financial results,   7 governance (skipped)
  RCF           25 filings,  14 financial results,  11 governance (skipped)
  MAXHEALTH     19 filings,  12 financial results,   7 governance (skipped)
  BPCL          21 filings,  12 financial results,   9 governance (skipped)
  HINDUNILVR    22 filings,  12 financial results,  10 governance (skipped)
  HUDCO         24 filings,  16 financial results,   8 governance (skipped)
  RELINFRA      22 filings,  15 financial results,   7 governance (skipped)
  HINDALCO      19 filings,  12 financial results,   7 governance (skipped)
  SUZLON        20 filings,  12 financial results,   8 governance (skipped)
  ESCORTS       21 filings,  12 financial results,   9 governance (skipped)
  IDFC           0 filings,   0 financial results,   0 governance (skipped)
  SUNPHARMA     20 filings,  12 financial results,   8 governance (skipped)
  RIIL          19 filings,  12 financial results,   7 governance (skipped)
  GRASIM        24 filings,  14 financial results,  10 governance (skipped)
  NAVINFLUOR    21 filings,  12 financial results,   9 governance (skipped)
  KPITTECH      20 filings,  12 financial results,   8 governance (skipped)
  INDHOTEL      20 filings,  12 financial results,   8 governance (skipped)
  IRFC          16 filings,   8 financial results,   8 governance (skipped)
  SANOFI        14 filings,   6 financial results,   8 governance (skipped)
  CIPLA         20 filings,  12 financial results,   8 governance (skipped)
  FORTIS        22 filings,  13 financial results,   9 governance (skipped)
  TRIDENT       20 filings,  13 financial results,   7 governance (skipped)
  EICHERMOT     19 filings,  12 financial results,   7 governance (skipped)
  HAL           20 filings,  12 financial results,   8 governance (skipped)
  CGPOWER       29 filings,  20 financial results,   9 governance (skipped)
  GLAND         20 filings,  12 financial results,   8 governance (skipped)
  EMBDL         23 filings,  15 financial results,   8 governance (skipped)
  SHREECEM      19 filings,  12 financial results,   7 governance (skipped)
  SONACOMS      20 filings,  12 financial results,   8 governance (skipped)
  WIPRO         20 filings,  12 financial results,   8 governance (skipped)
  AMBUJACEM     23 filings,  13 financial results,  10 governance (skipped)
  EASEMYTRIP    28 filings,  15 financial results,  13 governance (skipped)
  TATASTEEL     20 filings,  12 financial results,   8 governance (skipped)
  CHAMBLFERT    20 filings,  12 financial results,   8 governance (skipped)
  RENUKA        22 filings,  12 financial results,  10 governance (skipped)
  DRREDDY       20 filings,  12 financial results,   8 governance (skipped)
  TATACHEM      19 filings,  12 financial results,   7 governance (skipped)
  OBEROIRLTY    23 filings,  15 financial results,   8 governance (skipped)
  HINDPETRO     24 filings,  12 financial results,  12 governance (skipped)
  NBCC          19 filings,  12 financial results,   7 governance (skipped)
  FLUOROCHEM    21 filings,  12 financial results,   9 governance (skipped)
  RAILTEL       15 filings,   7 financial results,   8 governance (skipped)
  PPLPHARMA     23 filings,  12 financial results,  11 governance (skipped)
  SYRMA         22 filings,  15 financial results,   7 governance (skipped)
  DATAPATTNS    18 filings,   8 financial results,  10 governance (skipped)
  LICI          25 filings,  13 financial results,  12 governance (skipped)
  ATUL          22 filings,  13 financial results,   9 governance (skipped)
  M&M            0 filings,   0 financial results,   0 governance (skipped)
  GRANULES      20 filings,  12 financial results,   8 governance (skipped)
  GODREJCP      21 filings,  12 financial results,   9 governance (skipped)
  MRPL          26 filings,  14 financial results,  12 governance (skipped)
  CONCOR        24 filings,  16 financial results,   8 governance (skipped)
  METROPOLIS    19 filings,  12 financial results,   7 governance (skipped)
  GNFC          22 filings,  12 financial results,  10 governance (skipped)
  SAIL          21 filings,  14 financial results,   7 governance (skipped)
  LICHSGFIN     20 filings,  12 financial results,   8 governance (skipped)
  ABB           18 filings,  10 financial results,   8 governance (skipped)
  BSE           20 filings,  12 financial results,   8 governance (skipped)
  BALRAMCHIN    20 filings,  13 financial results,   7 governance (skipped)
  CHOLAFIN      20 filings,  12 financial results,   8 governance (skipped)
  JSWENERGY     20 filings,  12 financial results,   8 governance (skipped)
  INDUSTOWER    20 filings,  12 financial results,   8 governance (skipped)
  SBILIFE       13 filings,   6 financial results,   7 governance (skipped)
  DELTACORP     27 filings,  18 financial results,   9 governance (skipped)
  HDFCAMC       20 filings,  13 financial results,   7 governance (skipped)
  GAIL          28 filings,  17 financial results,  11 governance (skipped)
  GMDCLTD       19 filings,  12 financial results,   7 governance (skipped)
  PFC           23 filings,  13 financial results,  10 governance (skipped)
  CYIENT        27 filings,  14 financial results,  13 governance (skipped)
  NATIONALUM    25 filings,  14 financial results,  11 governance (skipped)
  PEL            7 filings,   4 financial results,   3 governance (skipped)
  SULA          23 filings,  14 financial results,   9 governance (skipped)
  SAMMAANCAP    21 filings,  13 financial results,   8 governance (skipped)
  DELHIVERY     24 filings,  13 financial results,  11 governance (skipped)
  TATACOMM      20 filings,  12 financial results,   8 governance (skipped)
  TRITURBINE    23 filings,  12 financial results,  11 governance (skipped)
  BLS           23 filings,  13 financial results,  10 governance (skipped)
  ITC           22 filings,  12 financial results,  10 governance (skipped)
  TMPV          20 filings,  12 financial results,   8 governance (skipped)
  HEROMOTOCO    20 filings,  13 financial results,   7 governance (skipped)
  COROMANDEL    30 filings,  19 financial results,  11 governance (skipped)
  BDL           19 filings,  10 financial results,   9 governance (skipped)
  BATAINDIA     20 filings,  12 financial results,   8 governance (skipped)
  HAVELLS       22 filings,  14 financial results,   8 governance (skipped)
  CHENNPETRO    24 filings,  12 financial results,  12 governance (skipped)
  MFSL          24 filings,  16 financial results,   8 governance (skipped)
  FACT          17 filings,  10 financial results,   7 governance (skipped)
  PVRINOX       19 filings,  12 financial results,   7 governance (skipped)
  TATACONSUM    22 filings,  12 financial results,  10 governance (skipped)
  WELSPUNLIV    22 filings,  13 financial results,   9 governance (skipped)
  DMART         19 filings,  12 financial results,   7 governance (skipped)
  MARICO        21 filings,  14 financial results,   7 governance (skipped)
  IGL           20 filings,  12 financial results,   8 governance (skipped)
  VEDL          22 filings,  12 financial results,  10 governance (skipped)
  ASHOKLEY      19 filings,  12 financial results,   7 governance (skipped)
  ONGC          19 filings,  12 financial results,   7 governance (skipped)
  LTM           21 filings,  12 financial results,   9 governance (skipped)
  BRITANNIA     21 filings,  12 financial results,   9 governance (skipped)
  AAVAS         13 filings,   6 financial results,   7 governance (skipped)
  VOLTAS        19 filings,  12 financial results,   7 governance (skipped)
  FINCABLES     27 filings,  19 financial results,   8 governance (skipped)
  NESTLEIND     19 filings,  12 financial results,   7 governance (skipped)
  IOC           24 filings,  14 financial results,  10 governance (skipped)
  TATAPOWER     19 filings,  12 financial results,   7 governance (skipped)
  MAZDOCK       22 filings,  14 financial results,   8 governance (skipped)
  ZENTEC        21 filings,  12 financial results,   9 governance (skipped)
  EPL           21 filings,  14 financial results,   7 governance (skipped)
  ZEEL          22 filings,  14 financial results,   8 governance (skipped)
  BHEL          22 filings,  13 financial results,   9 governance (skipped)
  BEML          21 filings,  13 financial results,   8 governance (skipped)
  COLPAL        13 filings,   6 financial results,   7 governance (skipped)
  OLECTRA       22 filings,  12 financial results,  10 governance (skipped)
  PERSISTENT    22 filings,  12 financial results,  10 governance (skipped)
  BEL           20 filings,  12 financial results,   8 governance (skipped)
  APTECHT       26 filings,  14 financial results,  12 governance (skipped)
  SONATSOFTW    21 filings,  12 financial results,   9 governance (skipped)
  ALOKINDS      20 filings,  13 financial results,   7 governance (skipped)
  DLF           20 filings,  12 financial results,   8 governance (skipped)
  OIL           23 filings,  15 financial results,   8 governance (skipped)
  TITAN         23 filings,  12 financial results,  11 governance (skipped)
  ELGIEQUIP     20 filings,  12 financial results,   8 governance (skipped)
  DEEPAKNTR     20 filings,  13 financial results,   7 governance (skipped)
  HBLENGINE     21 filings,  12 financial results,   9 governance (skipped)
  BAJFINANCE    20 filings,  12 financial results,   8 governance (skipped)
  CUMMINSIND    22 filings,  12 financial results,  10 governance (skipped)
  CROMPTON      23 filings,  12 financial results,  11 governance (skipped)
  RAYMOND       23 filings,  15 financial results,   8 governance (skipped)
  EXIDEIND      30 filings,  15 financial results,  15 governance (skipped)
  KALYANKJIL    26 filings,  12 financial results,  14 governance (skipped)
  INTELLECT     22 filings,  14 financial results,   8 governance (skipped)
  PIDILITIND    23 filings,  12 financial results,  11 governance (skipped)
  RITES         21 filings,  13 financial results,   8 governance (skipped)
  BOSCHLTD      27 filings,  16 financial results,  11 governance (skipped)
  JINDALSAW     21 filings,  12 financial results,   9 governance (skipped)
  TIMKEN        17 filings,   9 financial results,   8 governance (skipped)
  LUPIN         19 filings,  12 financial results,   7 governance (skipped)
  RAMCOCEM      20 filings,  12 financial results,   8 governance (skipped)
  SURYAROSNI    21 filings,  12 financial results,   9 governance (skipped)
  IRCTC         22 filings,  14 financial results,   8 governance (skipped)
  RAJESHEXPO    29 filings,  17 financial results,  12 governance (skipped)
  PETRONET      21 filings,  12 financial results,   9 governance (skipped)
  MPHASIS       22 filings,  13 financial results,   9 governance (skipped)
  DIVISLAB      23 filings,  14 financial results,   9 governance (skipped)
  ADANIGREEN    31 filings,  19 financial results,  12 governance (skipped)
  DATAMATICS    20 filings,  12 financial results,   8 governance (skipped)
  GRAPHITE      24 filings,  15 financial results,   9 governance (skipped)
  AMBER         20 filings,  12 financial results,   8 governance (skipped)
  APARINDS      19 filings,  12 financial results,   7 governance (skipped)
  BIOCON        19 filings,  12 financial results,   7 governance (skipped)
  GRSE          13 filings,   6 financial results,   7 governance (skipped)
  INDIACEM      20 filings,  12 financial results,   8 governance (skipped)
  NYKAA         22 filings,  12 financial results,  10 governance (skipped)
  KEC           19 filings,  12 financial results,   7 governance (skipped)
  BHARTIARTL    23 filings,  15 financial results,   8 governance (skipped)
  SYNGENE       21 filings,  12 financial results,   9 governance (skipped)
  ATGL          22 filings,  14 financial results,   8 governance (skipped)
  AUROPHARMA    20 filings,  12 financial results,   8 governance (skipped)
  NH            20 filings,  13 financial results,   7 governance (skipped)
  MUTHOOTFIN    21 filings,  12 financial results,   9 governance (skipped)
  RVNL          19 filings,  12 financial results,   7 governance (skipped)
  POLICYBZR     21 filings,  13 financial results,   8 governance (skipped)
  NAZARA        26 filings,  16 financial results,  10 governance (skipped)
  ADANIENT      22 filings,  13 financial results,   9 governance (skipped)
  APOLLOHOSP    21 filings,  12 financial results,   9 governance (skipped)
  APOLLOTYRE    22 filings,  12 financial results,  10 governance (skipped)
  ROUTE         21 filings,  12 financial results,   9 governance (skipped)
  POLYCAB       20 filings,  12 financial results,   8 governance (skipped)
  BERGEPAINT    22 filings,  12 financial results,  10 governance (skipped)
  BHARATFORG    22 filings,  12 financial results,  10 governance (skipped)
  TCS           19 filings,  12 financial results,   7 governance (skipped)
  MEDANTA       20 filings,  12 financial results,   8 governance (skipped)
  CANFINHOME    15 filings,   6 financial results,   9 governance (skipped)
  ULTRACEMCO    21 filings,  12 financial results,   9 governance (skipped)
  CEATLTD       20 filings,  12 financial results,   8 governance (skipped)
  TANLA         25 filings,  14 financial results,  11 governance (skipped)
  GODREJPROP    19 filings,  12 financial results,   7 governance (skipped)
  TVSMOTOR      21 filings,  13 financial results,   8 governance (skipped)
  LTF           21 filings,  12 financial results,   9 governance (skipped)
  DEEPAKFERT    20 filings,  12 financial results,   8 governance (skipped)
  TIMETECHNO    19 filings,  12 financial results,   7 governance (skipped)
  ENGINERSIN    20 filings,  12 financial results,   8 governance (skipped)
  POONAWALLA    22 filings,  14 financial results,   8 governance (skipped)
  SCHAEFFLER    27 filings,  16 financial results,  11 governance (skipped)
  TTML          15 filings,   7 financial results,   8 governance (skipped)
  ZENSARTECH    24 filings,  12 financial results,  12 governance (skipped)
  MANAPPURAM    32 filings,  17 financial results,  15 governance (skipped)
  COALINDIA     27 filings,  12 financial results,  15 governance (skipped)
  IIFL          20 filings,  12 financial results,   8 governance (skipped)
  HINDCOPPER    20 filings,  12 financial results,   8 governance (skipped)
  CIEINDIA      19 filings,  12 financial results,   7 governance (skipped)
  ALKEM         21 filings,  14 financial results,   7 governance (skipped)
  HEG           20 filings,  12 financial results,   8 governance (skipped)
  HFCL          20 filings,  12 financial results,   8 governance (skipped)
  HCC           20 filings,  12 financial results,   8 governance (skipped)
  IPCALAB       19 filings,  12 financial results,   7 governance (skipped)
  PNBHOUSING    19 filings,  12 financial results,   7 governance (skipped)
  JKTYRE        19 filings,  12 financial results,   7 governance (skipped)
  STARHEALTH    18 filings,   5 financial results,  13 governance (skipped)
  NMDC          23 filings,   9 financial results,  14 governance (skipped)
  MARUTI        19 filings,  12 financial results,   7 governance (skipped)
  COFORGE       19 filings,  12 financial results,   7 governance (skipped)
  LALPATHLAB    20 filings,  12 financial results,   8 governance (skipped)
  PIIND         19 filings,  12 financial results,   7 governance (skipped)
  RPOWER        20 filings,  13 financial results,   7 governance (skipped)
  TITAGARH      22 filings,  14 financial results,   8 governance (skipped)
  UPL           23 filings,  14 financial results,   9 governance (skipped)
  INDIGO        21 filings,  12 financial results,   9 governance (skipped)
  SRF           21 filings,  12 financial results,   9 governance (skipped)
  ABFRL         22 filings,  13 financial results,   9 governance (skipped)
  NAUKRI        22 filings,  14 financial results,   8 governance (skipped)
  TECHM         21 filings,  12 financial results,   9 governance (skipped)
  IDEA          22 filings,  14 financial results,   8 governance (skipped)
  TATAELXSI     15 filings,   7 financial results,   8 governance (skipped)
  LODHA         20 filings,  12 financial results,   8 governance (skipped)
  SOBHA         19 filings,  12 financial results,   7 governance (skipped)
  ABCAPITAL     21 filings,  12 financial results,   9 governance (skipped)
  FSL           21 filings,  13 financial results,   8 governance (skipped)
  TORNTPHARM    25 filings,  15 financial results,  10 governance (skipped)
  UBL           22 filings,  14 financial results,   8 governance (skipped)
  AWL           28 filings,  19 financial results,   9 governance (skipped)
  APLAPOLLO     19 filings,  12 financial results,   7 governance (skipped)
  COCHINSHIP    19 filings,  12 financial results,   7 governance (skipped)
  SHRIRAMFIN    19 filings,  12 financial results,   7 governance (skipped)
  ICICIPRULI    25 filings,  15 financial results,  10 governance (skipped)
  ANGELONE      25 filings,  16 financial results,   9 governance (skipped)
  NTPC          23 filings,  12 financial results,  11 governance (skipped)
  CDSL          22 filings,  14 financial results,   8 governance (skipped)
  CREDITACC     21 filings,  12 financial results,   9 governance (skipped)
  ADANIPORTS    26 filings,  15 financial results,  11 governance (skipped)
  MCX            0 filings,   0 financial results,   0 governance (skipped)
  JINDALSTEL    20 filings,  12 financial results,   8 governance (skipped)
  POWERGRID     19 filings,  12 financial results,   7 governance (skipped)
  ETERNAL       20 filings,  12 financial results,   8 governance (skipped)
  MASTEK        19 filings,  12 financial results,   7 governance (skipped)
  PAGEIND       15 filings,   7 financial results,   8 governance (skipped)
  ISEC           1 filings,   0 financial results,   1 governance (skipped)
  ICICIGI       14 filings,   7 financial results,   7 governance (skipped)
  AARTIIND      23 filings,  14 financial results,   9 governance (skipped)
  M&MFIN         0 filings,   0 financial results,   0 governance (skipped)
  MOTHERSON     23 filings,  15 financial results,   8 governance (skipped)
  GMRAIRPORT    19 filings,  12 financial results,   7 governance (skipped)
  BALKRISIND    23 filings,  15 financial results,   8 governance (skipped)
  HDFCLIFE      22 filings,  13 financial results,   9 governance (skipped)
  JUBLFOOD      20 filings,  12 financial results,   8 governance (skipped)
  PRESTIGE      21 filings,  14 financial results,   7 governance (skipped)
  TORNTPOWER    21 filings,  12 financial results,   9 governance (skipped)
  ADANIPOWER    22 filings,  12 financial results,  10 governance (skipped)
  JKCEMENT      24 filings,  14 financial results,  10 governance (skipped)
  BSOFT         20 filings,  12 financial results,   8 governance (skipped)
  MINDACORP     24 filings,  13 financial results,  11 governance (skipped)
  GUJGASLTD      0 filings,   0 financial results,   0 governance (skipped)
  NHPC          19 filings,  12 financial results,   7 governance (skipped)
  TRENT         24 filings,  12 financial results,  12 governance (skipped)
  UNITDSPR      20 filings,  13 financial results,   7 governance (skipped)
  RAIN          20 filings,  12 financial results,   8 governance (skipped)
  HCLTECH       22 filings,  13 financial results,   9 governance (skipped)
  MTARTECH      21 filings,  12 financial results,   9 governance (skipped)
  NCC           21 filings,  14 financial results,   7 governance (skipped)
  NFL           21 filings,  12 financial results,   9 governance (skipped)
  DEVYANI       20 filings,  13 financial results,   7 governance (skipped)
  KEI           22 filings,  13 financial results,   9 governance (skipped)
  OFSS          22 filings,  14 financial results,   8 governance (skipped)
  MRF           19 filings,  12 financial results,   7 governance (skipped)
  TV18BRDCST     0 filings,   0 financial results,   0 governance (skipped)
  BAJAJ-AUTO    25 filings,  12 financial results,  13 governance (skipped)
  DBL           24 filings,  14 financial results,  10 governance (skipped)
  BAJAJFINSV    19 filings,  12 financial results,   7 governance (skipped)
  CMSINFO       21 filings,  12 financial results,   9 governance (skipped)
  JBMA          26 filings,  17 financial results,   9 governance (skipped)
  ANURAS        20 filings,  12 financial results,   8 governance (skipped)
  ADANIENSOL    26 filings,  15 financial results,  11 governance (skipped)
  INDIAMART     23 filings,  14 financial results,   9 governance (skipped)
  GLENMARK      23 filings,  13 financial results,  10 governance (skipped)
  DIXON         21 filings,  14 financial results,   7 governance (skipped)
  LAURUSLABS    21 filings,  14 financial results,   7 governance (skipped)
  IRCON         20 filings,  12 financial results,   8 governance (skipped)
  LEMONTREE     19 filings,  12 financial results,   7 governance (skipped)
  TIINDIA       22 filings,  12 financial results,  10 governance (skipped)
  PAYTM         19 filings,  12 financial results,   7 governance (skipped)
  NATCOPHARM    20 filings,  12 financial results,   8 governance (skipped)
  SJVN          20 filings,  13 financial results,   7 governance (skipped)
  AJANTPHARM    20 filings,  12 financial results,   8 governance (skipped)
  BOMDYEING     20 filings,  12 financial results,   8 governance (skipped)
  IFCI          21 filings,  14 financial results,   7 governance (skipped)
  PARAS         24 filings,  13 financial results,  11 governance (skipped)
  VIPIND        22 filings,  12 financial results,  10 governance (skipped)
  JAICORPLTD    36 filings,  23 financial results,  13 governance (skipped)
  PRAJIND       22 filings,  14 financial results,   8 governance (skipped)
  MIDHANI       24 filings,  12 financial results,  12 governance (skipped)
  LATENTVIEW    20 filings,  12 financial results,   8 governance (skipped)
  DREAMFOLKS    20 filings,  13 financial results,   7 governance (skipped)
  SCI           20 filings,  12 financial results,   8 governance (skipped)
  MMTC          29 filings,  20 financial results,   9 governance (skipped)
  JISLJALEQS    20 filings,  12 financial results,   8 governance (skipped)
  WELCORP       21 filings,  12 financial results,   9 governance (skipped)
  SUPREMEIND    22 filings,  15 financial results,   7 governance (skipped)
  VBL           21 filings,  12 financial results,   9 governance (skipped)
  JWL           23 filings,  13 financial results,  10 governance (skipped)
  ITI           31 filings,  22 financial results,   9 governance (skipped)
  TRIVENI       22 filings,  12 financial results,  10 governance (skipped)
  BAJAJHIND     23 filings,  15 financial results,   8 governance (skipped)
  JPPOWER       20 filings,  12 financial results,   8 governance (skipped)
  HAPPSTMNDS    22 filings,  13 financial results,   9 governance (skipped)
  SUNTV         21 filings,  13 financial results,   8 governance (skipped)
  LINDEINDIA    19 filings,  12 financial results,   7 governance (skipped)
  INFIBEAM       0 filings,   0 financial results,   0 governance (skipped)
  CESC          22 filings,  14 financial results,   8 governance (skipped)
  GMMPFAUDLR    22 filings,  12 financial results,  10 governance (skipped)
  TEXRAIL       21 filings,  12 financial results,   9 governance (skipped)
  MANKIND       21 filings,  12 financial results,   9 governance (skipped)
  JYOTHYLAB     14 filings,   7 financial results,   7 governance (skipped)
  TATAINVEST    21 filings,  14 financial results,   7 governance (skipped)
  AARTIDRUGS    22 filings,  14 financial results,   8 governance (skipped)
  JMFINANCIL    22 filings,  14 financial results,   8 governance (skipped)
  JKPAPER       19 filings,  12 financial results,   7 governance (skipped)
  SHYAMMETL     22 filings,  14 financial results,   8 governance (skipped)
  IRB           19 filings,  12 financial results,   7 governance (skipped)
  DISHTV        22 filings,  14 financial results,   8 governance (skipped)
  DBREALTY      25 filings,  13 financial results,  12 governance (skipped)
  ARE&M          0 filings,   0 financial results,   0 governance (skipped)
  KAYNES        24 filings,  15 financial results,   9 governance (skipped)
  WOCKPHARMA    19 filings,  12 financial results,   7 governance (skipped)
  INOXWIND      21 filings,  12 financial results,   9 governance (skipped)
  ELECTCAST     21 filings,  12 financial results,   9 governance (skipped)
  VPRPL         14 filings,   7 financial results,   7 governance (skipped)
  IPL           24 filings,  16 financial results,   8 governance (skipped)
  FIVESTAR      19 filings,  10 financial results,   9 governance (skipped)
  CASTROLIND    16 filings,   7 financial results,   9 governance (skipped)
  PHOENIXLTD    21 filings,  12 financial results,   9 governance (skipped)
  SHRIRAMPPS    19 filings,  12 financial results,   7 governance (skipped)
  JSL           19 filings,  12 financial results,   7 governance (skipped)
  MSTCLTD       20 filings,  12 financial results,   8 governance (skipped)
  SOLARINDS     24 filings,  12 financial results,  12 governance (skipped)
  RTNPOWER      21 filings,  13 financial results,   8 governance (skipped)
  JPASSOCIAT    17 filings,   9 financial results,   8 governance (skipped)
  NIACL         22 filings,  13 financial results,   9 governance (skipped)
  GICRE         21 filings,  12 financial results,   9 governance (skipped)
  MOIL          16 filings,   6 financial results,  10 governance (skipped)
  EDELWEISS     21 filings,  14 financial results,   7 governance (skipped)
  NLCINDIA      24 filings,  16 financial results,   8 governance (skipped)
  CAMS          24 filings,  14 financial results,  10 governance (skipped)
  PCBL          22 filings,  14 financial results,   8 governance (skipped)
  SWANCORP      23 filings,  12 financial results,  11 governance (skipped)
  JIOFIN        21 filings,  13 financial results,   8 governance (skipped)
  RRKABEL       22 filings,  14 financial results,   8 governance (skipped)
  RTNINDIA      20 filings,  12 financial results,   8 governance (skipped)
  NETWORK18     19 filings,  12 financial results,   7 governance (skipped)
  PTC           21 filings,  14 financial results,   7 governance (skipped)
  JSWINFRA      21 filings,  12 financial results,   9 governance (skipped)
  RADICO        22 filings,  14 financial results,   8 governance (skipped)
  SWSOLAR       21 filings,  14 financial results,   7 governance (skipped)
  AZAD          22 filings,  14 financial results,   8 governance (skipped)
  JAMNAAUTO     23 filings,  14 financial results,   9 governance (skipped)
  VAKRANGEE     21 filings,  13 financial results,   8 governance (skipped)
  ABREL         21 filings,  12 financial results,   9 governance (skipped)
  ZAGGLE        22 filings,  15 financial results,   7 governance (skipped)
  MSUMI         16 filings,   7 financial results,   9 governance (skipped)
  NSLNISP       16 filings,   5 financial results,  11 governance (skipped)
  TATATECH      19 filings,  12 financial results,   7 governance (skipped)
  IREDA         22 filings,  12 financial results,  10 governance (skipped)
  GSPL          14 filings,   8 financial results,   6 governance (skipped)
  TFCILTD       14 filings,   6 financial results,   8 governance (skipped)
  GPPL          26 filings,  15 financial results,  11 governance (skipped)
  KPIGREEN      20 filings,  12 financial results,   8 governance (skipped)
  INOXINDIA     24 filings,  15 financial results,   9 governance (skipped)
  PATANJALI     21 filings,  13 financial results,   8 governance (skipped)
  SUNDARMFIN    20 filings,  13 financial results,   7 governance (skipped)
  BORORENEW     19 filings,  12 financial results,   7 governance (skipped)
  ACE           21 filings,  12 financial results,   9 governance (skipped)
  SUBEXLTD      19 filings,  12 financial results,   7 governance (skipped)
  AVANTIFEED    21 filings,  14 financial results,   7 governance (skipped)
  SIGNATURE     19 filings,  12 financial results,   7 governance (skipped)
  GESHIP        19 filings,  12 financial results,   7 governance (skipped)
  POWERINDIA    14 filings,   6 financial results,   8 governance (skipped)
  THERMAX       21 filings,  14 financial results,   7 governance (skipped)
  PNCINFRA      22 filings,  12 financial results,  10 governance (skipped)
  AEGISLOG      24 filings,  14 financial results,  10 governance (skipped)
  ANANTRAJ      20 filings,  12 financial results,   8 governance (skipped)
  HINDZINC      22 filings,  12 financial results,  10 governance (skipped)
  MOTILALOFS    21 filings,  12 financial results,   9 governance (skipped)
  RKFORGE       25 filings,  15 financial results,  10 governance (skipped)
  UNOMINDA      24 filings,  14 financial results,  10 governance (skipped)
  360ONE        25 filings,  18 financial results,   7 governance (skipped)
  BLUESTARCO    22 filings,  13 financial results,   9 governance (skipped)
  EMAMILTD      23 filings,  15 financial results,   8 governance (skipped)
  JUSTDIAL      13 filings,   6 financial results,   7 governance (skipped)
  KNRCON        20 filings,  12 financial results,   8 governance (skipped)
  EXICOM        22 filings,  13 financial results,   9 governance (skipped)
  ASTERDM       20 filings,  12 financial results,   8 governance (skipped)
  WABAG         22 filings,  14 financial results,   8 governance (skipped)
  HERITGFOOD    24 filings,  12 financial results,  12 governance (skipped)
  PRSMJOHNSN    24 filings,  13 financial results,  11 governance (skipped)
  GRAVITA       28 filings,  14 financial results,  14 governance (skipped)
  MOREPENLAB    24 filings,  13 financial results,  11 governance (skipped)
  INDIGOPNTS    22 filings,  13 financial results,   9 governance (skipped)
  JUBLINGREA    23 filings,  12 financial results,  11 governance (skipped)
  HONASA        22 filings,  14 financial results,   8 governance (skipped)
  KFINTECH      22 filings,  14 financial results,   8 governance (skipped)
  MTNL          21 filings,  12 financial results,   9 governance (skipped)
  RAMASTEEL     22 filings,  14 financial results,   8 governance (skipped)
  GODFRYPHLP    19 filings,  12 financial results,   7 governance (skipped)
  INOXGREEN     21 filings,  12 financial results,   9 governance (skipped)
  LXCHEM        20 filings,  13 financial results,   7 governance (skipped)
  CEMPRO        21 filings,  13 financial results,   8 governance (skipped)
  JUBLPHARMA    19 filings,  12 financial results,   7 governance (skipped)
  MARKSANS      20 filings,  13 financial results,   7 governance (skipped)
  PCJEWELLER    21 filings,  12 financial results,   9 governance (skipped)
  SEQUENT        0 filings,   0 financial results,   0 governance (skipped)Traceback (most recent call last):
  File "<frozen runpy>", line 198, in _run_module_as_main
  File "<frozen runpy>", line 88, in _run_code
  File "/Users/ujjwalkumar/Financial_lab/scripts/event_research/fetch_cohort_integrated_filings.py", line 369, in <module>
    main()
    ~~~~^^
  File "/Users/ujjwalkumar/Financial_lab/scripts/event_research/fetch_cohort_integrated_filings.py", line 346, in main
    _event, created = repository.import_validated_filing(result.normalized)
                      ~~~~~~~~~~~~~~~~~~~~~~~~~~~~~~~~~~^^^^^^^^^^^^^^^^^^^
  File "/Users/ujjwalkumar/Financial_lab/app/event_research/repository.py", line 50, in import_validated_filing
    raise ValueError("Revision predecessor has not been imported")
ValueError: Revision predecessor has not been imported

  ORIENTCEM     16 filings,   6 financial results,  10 governance (skipped)
  SEPC          26 filings,  15 financial results,  11 governance (skipped)
  PARADEEP      22 filings,  14 financial results,   8 governance (skipped)
  PREMIERENE    25 filings,  15 financial results,  10 governance (skipped)
  AVALON        19 filings,  12 financial results,   7 governance (skipped)
  OLAELEC       24 filings,  14 financial results,  10 governance (skipped)
  NETWEB        17 filings,   8 financial results,   9 governance (skipped)
  KRN           22 filings,  13 financial results,   9 governance (skipped)
  BAJAJHLDNG    19 filings,  12 financial results,   7 governance (skipped)
  TI            22 filings,  14 financial results,   8 governance (skipped)
  POLYMED       19 filings,  12 financial results,   7 governance (skipped)
  GREAVESCOT    19 filings,  12 financial results,   7 governance (skipped)
  USHAMART      19 filings,  12 financial results,   7 governance (skipped)
  LLOYDSME      25 filings,  14 financial results,  11 governance (skipped)
  NAM-INDIA     21 filings,  14 financial results,   7 governance (skipped)
  DOMS          24 filings,  14 financial results,  10 governance (skipped)
  ZFCVINDIA     24 filings,  14 financial results,  10 governance (skipped)
  BHARTIHEXA    18 filings,   6 financial results,  12 governance (skipped)
  BAJAJHFL      16 filings,   8 financial results,   8 governance (skipped)
  SKIPPER       21 filings,  12 financial results,   9 governance (skipped)
  ASHOKA        22 filings,  14 financial results,   8 governance (skipped)
  PGEL          23 filings,  12 financial results,  11 governance (skipped)
  NUVAMA        21 filings,  12 financial results,   9 governance (skipped)
  NEWGEN        19 filings,  12 financial results,   7 governance (skipped)
  NEULANDLAB    22 filings,  12 financial results,  10 governance (skipped)
  ACUTAAS       21 filings,  12 financial results,   9 governance (skipped)
  SWIGGY        22 filings,  15 financial results,   7 governance (skipped)
  VMM           19 filings,  12 financial results,   7 governance (skipped)
  GOLDIAM       22 filings,  12 financial results,  10 governance (skipped)
  GODIGIT       17 filings,   8 financial results,   9 governance (skipped)
  VIJAYA        24 filings,  14 financial results,  10 governance (skipped)
  MOBIKWIK      19 filings,  12 financial results,   7 governance (skipped)
  EIEL          25 filings,  15 financial results,  10 governance (skipped)
  NTPCGREEN     20 filings,  12 financial results,   8 governance (skipped)
  IGIL          23 filings,  13 financial results,  10 governance (skipped)
  SENORES       20 filings,  13 financial results,   7 governance (skipped)
  HYUNDAI       20 filings,  12 financial results,   8 governance (skipped)
  AFCONS        25 filings,  15 financial results,  10 governance (skipped)
  GLAXO         24 filings,  12 financial results,  12 governance (skipped)
  CGCL          24 filings,  15 financial results,   9 governance (skipped)
  GODREJIND     19 filings,  12 financial results,   7 governance (skipped)
  DAMCAPITAL    19 filings,  12 financial results,   7 governance (skipped)
  CARTRADE      19 filings,  12 financial results,   7 governance (skipped)
  GILLETTE      18 filings,   7 financial results,  11 governance (skipped)
  WAAREEENER    29 filings,  15 financial results,  14 governance (skipped)
  TRANSRAILL    24 filings,  14 financial results,  10 governance (skipped)
  APOLLO        24 filings,  15 financial results,   9 governance (skipped)
  REDINGTON     20 filings,  12 financial results,   8 governance (skipped)
  SAREGAMA      21 filings,  13 financial results,   8 governance (skipped)
  JYOTICNC      22 filings,  12 financial results,  10 governance (skipped)
  AEROFLEX      22 filings,  12 financial results,  10 governance (skipped)
  FIRSTCRY      24 filings,  16 financial results,   8 governance (skipped)
  HEXT          20 filings,  13 financial results,   7 governance (skipped)
  QUADFUTURE    15 filings,   8 financial results,   7 governance (skipped)
  SAGILITY      21 filings,  12 financial results,   9 governance (skipped)
  GVT&D          0 filings,   0 financial results,   0 governance (skipped)
  IDEAFORGE     26 filings,  14 financial results,  12 governance (skipped)
  ITCHOTELS     20 filings,  14 financial results,   6 governance (skipped)
  ASTRAMICRO    20 filings,  12 financial results,   8 governance (skipped)
  CCL           20 filings,  12 financial results,   8 governance (skipped)
  FORCEMOT      20 filings,  12 financial results,   8 governance (skipped)
  APTUS         19 filings,  12 financial results,   7 governance (skipped)
  PREMEXPLN     21 filings,  14 financial results,   7 governance (skipped)
  KPRMILL       19 filings,  12 financial results,   7 governance (skipped)
  NIVABUPA      12 filings,   5 financial results,   7 governance (skipped)
  KRBL          27 filings,  13 financial results,  14 governance (skipped)
  PROTEAN       19 filings,  12 financial results,   7 governance (skipped)
  TEGA          25 filings,  14 financial results,  11 governance (skipped)
  COHANCE       25 filings,  15 financial results,  10 governance (skipped)
  OSWALPUMPS    21 filings,  15 financial results,   6 governance (skipped)
  SIGACHI       20 filings,  12 financial results,   8 governance (skipped)
  IXIGO         19 filings,  12 financial results,   7 governance (skipped)
  GARUDA        28 filings,  15 financial results,  13 governance (skipped)
  ATHERENERG    13 filings,   7 financial results,   6 governance (skipped)
  QPOWER        18 filings,  12 financial results,   6 governance (skipped)
  MAMATA        21 filings,  12 financial results,   9 governance (skipped)
  BLACKBUCK     22 filings,  13 financial results,   9 governance (skipped)
  SAMBHV        17 filings,  12 financial results,   5 governance (skipped)
  GPIL          22 filings,  12 financial results,  10 governance (skipped)
  ENRIN         12 filings,   7 financial results,   5 governance (skipped)
  AIIL          27 filings,  13 financial results,  14 governance (skipped)
  BANCOINDIA    23 filings,  16 financial results,   7 governance (skipped)
  CLEAN         22 filings,  13 financial results,   9 governance (skipped)
  SMLISUZU       0 filings,   0 financial results,   0 governance (skipped)
  WAAREERTL     17 filings,  12 financial results,   5 governance (skipped)
  SARDAEN       23 filings,  14 financial results,   9 governance (skipped)
  ANANDRATHI    21 filings,  12 financial results,   9 governance (skipped)
  CUPID         19 filings,  12 financial results,   7 governance (skipped)
  GABRIEL       24 filings,  14 financial results,  10 governance (skipped)
  SAILIFE       27 filings,  14 financial results,  13 governance (skipped)
  VIMTALABS     15 filings,   7 financial results,   8 governance (skipped)
  NAVA          21 filings,  12 financial results,   9 governance (skipped)
  HDBFS         11 filings,   7 financial results,   4 governance (skipped)
  JAYNECOIND    13 filings,   6 financial results,   7 governance (skipped)
  KIOCL         23 filings,  13 financial results,  10 governance (skipped)
  BELRISE       21 filings,  14 financial results,   7 governance (skipped)
  MOSCHIP       19 filings,  12 financial results,   7 governance (skipped)
  VIKRAN        23 filings,  15 financial results,   8 governance (skipped)
  REFEX         25 filings,  14 financial results,  11 governance (skipped)
  GMBREW        22 filings,  11 financial results,  11 governance (skipped)
  URBANCO       12 filings,   8 financial results,   4 governance (skipped)
  EPACK         22 filings,  12 financial results,  10 governance (skipped)
  EPACKPEB      13 filings,   8 financial results,   5 governance (skipped)
  ORIENTTECH    18 filings,  10 financial results,   8 governance (skipped)
  PACEDIGITK    17 filings,  12 financial results,   5 governance (skipped)
  JAINREC       21 filings,  12 financial results,   9 governance (skipped)
  AKZOINDIA      0 filings,   0 financial results,   0 governance (skipped)
  KIRLOSENG     19 filings,  12 financial results,   7 governance (skipped)
  SANDUMA       20 filings,  12 financial results,   8 governance (skipped)
  SHAILY        23 filings,  14 financial results,   9 governance (skipped)
  RICOAUTO      22 filings,  12 financial results,  10 governance (skipped)
  SPARC         22 filings,  12 financial results,  10 governance (skipped)
  BLUEDART      25 filings,  15 financial results,  10 governance (skipped)
  BLUESTONE     23 filings,  15 financial results,   8 governance (skipped)
  PFOCUS        21 filings,  12 financial results,   9 governance (skipped)
  TDPOWERSYS    19 filings,  12 financial results,   7 governance (skipped)
  DREDGECORP    20 filings,   7 financial results,  13 governance (skipped)
  ARSSBL        18 filings,  14 financial results,   4 governance (skipped)
  ASTEC         25 filings,  14 financial results,  11 governance (skipped)
  THYROCARE     22 filings,  13 financial results,   9 governance (skipped)
  MCLOUD        28 filings,  18 financial results,  10 governance (skipped)
  WHIRLPOOL     19 filings,  12 financial results,   7 governance (skipped)
  ECLERX        21 filings,  13 financial results,   8 governance (skipped)
  TARIL         30 filings,  17 financial results,  13 governance (skipped)
  SHAKTIPUMP    21 filings,  12 financial results,   9 governance (skipped)
  BALUFORGE     21 filings,  13 financial results,   8 governance (skipped)
  BALAMINES     24 filings,  16 financial results,   8 governance (skipped)
  THANGAMAYL    14 filings,   6 financial results,   8 governance (skipped)
  STLTECH       24 filings,  16 financial results,   8 governance (skipped)
  GROWW         13 filings,   8 financial results,   5 governance (skipped)
  DCXINDIA      23 filings,  12 financial results,  11 governance (skipped)
  PWL           13 filings,  10 financial results,   3 governance (skipped)
  MEESHO        11 filings,   8 financial results,   3 governance (skipped)
  APOLLOPIPE    21 filings,  14 financial results,   7 governance (skipped)
  GUJALKALI     20 filings,  13 financial results,   7 governance (skipped)
  TMCV          12 filings,   9 financial results,   3 governance (skipped)
  LGEINDIA       7 filings,   4 financial results,   3 governance (skipped)
  ICICIAMC       8 filings,   3 financial results,   5 governance (skipped)
  APEX          13 filings,   6 financial results,   7 governance (skipped)
  RSYSTEMS      22 filings,  15 financial results,   7 governance (skipped)
  KIRIINDUS     19 filings,  12 financial results,   7 governance (skipped)
  BLISSGVS      23 filings,  14 financial results,   9 governance (skipped)
  HOMEFIRST     16 filings,   7 financial results,   9 governance (skipped)
  SENCO         20 filings,  12 financial results,   8 governance (skipped)
  JINDRILL      21 filings,  13 financial results,   8 governance (skipped)
  LTFOODS       27 filings,  18 financial results,   9 governance (skipped)
  DEEDEV        22 filings,  12 financial results,  10 governance (skipped)
  GOKEX         19 filings,  12 financial results,   7 governance (skipped)
  LENSKART      12 filings,   8 financial results,   4 governance (skipped)
  TATACAP       11 filings,   8 financial results,   3 governance (skipped)
  CRAFTSMAN     27 filings,  17 financial results,  10 governance (skipped)
  CMPDI          8 filings,   4 financial results,   4 governance (skipped)
  BHARATCOAL     7 filings,   4 financial results,   3 governance (skipped)
  IRMENERGY     23 filings,  12 financial results,  11 governance (skipped)
  LLOYDSENGG    23 filings,  14 financial results,   9 governance (skipped)
  JSLL          24 filings,  12 financial results,  12 governance (skipped)
  PINELABS      14 filings,  10 financial results,   4 governance (skipped)
  EMMVEE        14 filings,  10 financial results,   4 governance (skipped)
  PIRAMALFIN     9 filings,   6 financial results,   3 governance (skipped)
  RAMCOSYS      22 filings,  13 financial results,   9 governance (skipped)
  GALLANTT      21 filings,  12 financial results,   9 governance (skipped)
  ITDC          25 filings,  14 financial results,  11 governance (skipped)
  VMART         16 filings,   6 financial results,  10 governance (skipped)
  BBOX          20 filings,  13 financial results,   7 governance (skipped)
  ZYDUSWELL     21 filings,  12 financial results,   9 governance (skipped)
  CPPLUS        17 filings,  13 financial results,   4 governance (skipped)
  AEQUS         10 filings,   6 financial results,   4 governance (skipped)
  AGIIL         21 filings,  12 financial results,   9 governance (skipped)
  DIACABS       20 filings,  12 financial results,   8 governance (skipped)

Resuming: 167 already ingested

7056 cohort filings to process
  !! integrated fetch FAILED (exit 1)

=== Fetch finished Tue Aug 18 14:48:21 IST 2026, 1 failed step(s) ===
